// Jest Snapshot v1, https://goo.gl/fbAQLP

exports[`<EmptyDetector /> spec Empty results renders component with empty message 1`] = `
<div
  class="euiPage"
>
  <div
    class="euiPageSideBar"
    style="background-color: rgb(245, 247, 250);"
  >
    <nav
      class="euiSideNav"
      style="width: 150px;"
    >
      <button
        class="euiSideNav__mobileToggle euiLink"
        type="button"
      >
        <span
          class="euiSideNav__mobileWrap"
        >
          <span
            class="euiSideNav__mobileTitle"
          />
          <svg
            aria-hidden="true"
            class="euiIcon euiIcon--medium euiSideNav__mobileIcon"
            focusable="false"
            height="16"
            viewBox="0 0 16 16"
            width="16"
            xmlns="http://www.w3.org/2000/svg"
            xmlns:xlink="http://www.w3.org/1999/xlink"
          >
            <defs>
              <path
                d="M2 4V2h2v2H2zm5 0V2h2v2H7zm5 0V2h2v2h-2zM2 9V7h2v2H2zm5 0V7h2v2H7zm5 0V7h2v2h-2zM2 14v-2h2v2H2zm5 0v-2h2v2H7zm5 0v-2h2v2h-2z"
                id="apps-a"
              />
            </defs>
            <use
              xlink:href="#apps-a"
            />
          </svg>
        </span>
      </button>
      <div
        class="euiSideNav__content"
        role="menubar"
      >
        <div
          class="euiSideNavItem euiSideNavItem--root euiSideNavItem--hasChildItems"
        >
          <div
            aria-label="[object Object]"
            class="euiSideNavItemButton"
          >
            <span
              class="euiSideNavItemButton__content"
            >
              <span
                class="euiSideNavItemButton__label"
              >
                Anomaly detection
              </span>
            </span>
          </div>
          <div
            class="euiSideNavItem__items"
          >
            <div
              class="euiSideNavItem euiSideNavItem--trunk"
            >
              <a
                class="euiSideNavItemButton euiSideNavItemButton--isClickable"
                href="#/dashboard"
                role="menuitem"
              >
                <span
                  class="euiSideNavItemButton__content"
                >
                  <span
                    class="euiSideNavItemButton__label"
                  >
                    Dashboard
                  </span>
                </span>
              </a>
            </div>
            <div
              class="euiSideNavItem euiSideNavItem--trunk"
            >
              <a
                class="euiSideNavItemButton euiSideNavItemButton--isClickable"
                href="#/list-detectors"
                role="menuitem"
              >
                <span
                  class="euiSideNavItemButton__content"
                >
                  <span
                    class="euiSideNavItemButton__label"
                  >
                    Detectors
                  </span>
                </span>
              </a>
            </div>
          </div>
        </div>
      </div>
    </nav>
  </div>
  <div
    class="euiPageBody"
  >
    <div
      class="euiPageHeader euiPageHeader--responsive"
    >
      <h1
        class="euiTitle euiTitle--large"
      >
        Dashboard
      </h1>
    </div>
    <div
      class="euiEmptyPrompt"
    >
      <span
        class="euiTextColor euiTextColor--subdued"
      >
        <h2
          class="euiTitle euiTitle--medium"
        >
          You have no detectors
        </h2>
        <div
          class="euiSpacer euiSpacer--m"
        />
        <div
          class="euiText euiText--medium"
        >
          <p>
            Create detector first to detect anomalies in your data.
          </p>
          <p>
            Dashboard will generate insights on the anomalies across all of your detectors
          </p>
          <p>
            Read about
             
            <a
              class="euiLink euiLink--primary"
              href="https://github.com/opendistro-for-elasticsearch/anomaly-detection"
              rel="noopener noreferrer"
              target="_blank"
            >
              Get started with Anomaly detection Â 
              <svg
                class="euiIcon euiIcon--small"
                focusable="false"
                height="16"
                viewBox="0 0 16 16"
                width="16"
                xmlns="http://www.w3.org/2000/svg"
              >
                <path
                  d="M2 14.01h12.49a.5.5 0 1 1 0 1h-13a.5.5 0 0 1-.49-.597V1.5a.5.5 0 0 1 1 0v12.51zm2.354-1.656a.5.5 0 0 1-.708-.708l8-8a.5.5 0 0 1 .708.708l-8 8zM15 5.5a.5.5 0 1 1-1 0v-3a.5.5 0 0 0-.5-.5h-3a.5.5 0 1 1 0-1h3A1.5 1.5 0 0 1 15 2.5v3z"
                  fill-rule="evenodd"
                />
              </svg>
            </a>
             
          </p>
        </div>
      </span>
      <div
        class="euiSpacer euiSpacer--l"
      />
      <div
        class="euiSpacer euiSpacer--s"
      />
      <a
        class="euiButton euiButton--primary euiButton--fill"
        data-test-subj="add_detector"
        href="opendistro-anomaly-detection#/create-ad"
      >
        <span
          class="euiButton__content"
        >
          <span
            class="euiButton__text"
          >
            Create detector
          </span>
        </span>
      </a>
    </div>
  </div>
</div>
`;
