// Jest Snapshot v1, https://goo.gl/fbAQLP

exports[`<DetectorInfo /> spec renders the component 1`] = `
<div>
  <div
    class="euiPanel euiPanel--paddingMedium"
    style="padding-left: 0px; padding-right: 0px;"
  >
    <div
      class="euiFlexGroup euiFlexGroup--gutterLarge euiFlexGroup--alignItemsCenter euiFlexGroup--justifyContentSpaceBetween euiFlexGroup--directionRow euiFlexGroup--responsive"
      style="padding: 0px 10px;"
    >
      <div
        class="euiFlexItem"
      >
        <h3
          class="euiTitle euiTitle--small"
        >
          Name and description
        </h3>
      </div>
      <div
        class="euiFlexItem euiFlexItem--flexGrowZero"
      >
        <div
          class="euiFlexGroup euiFlexGroup--gutterLarge euiFlexGroup--alignItemsCenter euiFlexGroup--justifyContentSpaceBetween euiFlexGroup--directionRow euiFlexGroup--responsive"
        >
          <div
            class="euiFlexItem"
          />
        </div>
      </div>
    </div>
    <hr
      class="euiHorizontalRule euiHorizontalRule--full euiHorizontalRule--marginXSmall"
    />
    <div
      style="padding: 0px 10px;"
    >
      <div
        class="euiFormRow"
        id="random_id-row"
      >
        <label
          aria-invalid="false"
          class="euiFormLabel"
          for="random_id"
        >
          <div>
            <p>
              Name
            </p>
            <p
              class="sublabel"
            >
              Specify a unique and descriptive name that is easy to recognize.
            </p>
          </div>
        </label>
        <div
          class="euiFormControlLayout"
        >
          <div
            class="euiFormControlLayout__childrenWrapper"
          >
            <input
              class="euiFieldText"
              id="random_id"
              name="detectorName"
              placeholder="Enter detector name"
              type="text"
              value=""
            />
          </div>
        </div>
      </div>
      <div
        class="euiFormRow"
        id="random_id-row"
      >
        <label
          aria-invalid="false"
          class="euiFormLabel"
          for="random_id"
        >
          <div>
            <p>
              Description 
              <span
                class="optional"
              >
                - optional
              </span>
            </p>
            <p
              class="sublabel"
            >
              Describe the purpose of the detector.
            </p>
          </div>
        </label>
        <textarea
          class="euiTextArea euiTextArea--resizeVertical"
          id="random_id"
          name="detectorDescription"
          placeholder="Describe the detector"
          rows="3"
        />
      </div>
    </div>
  </div>
</div>
`;
